<html>
<body>
<pre>
<h1>µVision Build Log</h1>
<h2>Tool Versions:</h2>
IDE-Version: ¦ÌVision V5.23.0.0
Copyright (C) 2017 ARM Ltd and ARM Germany GmbH. All rights reserved.
License Information: danza danza, danza, LIC=W96WF-6A64B-JLZCC-7KS6W-SL42A-0LCDI
 
Tool Versions:
Toolchain:       MDK-ARM Professional  Version: 5.23
Toolchain Path:  D:\Keil_v5\ARM\ARMCC\Bin
C Compiler:      Armcc.exe V5.06 update 4 (build 422)
Assembler:       Armasm.exe V5.06 update 4 (build 422)
Linker/Locator:  ArmLink.exe V5.06 update 4 (build 422)
Library Manager: ArmAr.exe V5.06 update 4 (build 422)
Hex Converter:   FromElf.exe V5.06 update 4 (build 422)
CPU DLL:         SARMCM3.DLL V5.23
Dialog DLL:      DARMSTM.DLL V1.68.0.0
Target DLL:      Segger\JL2CM3.dll V2.97.0.0
Dialog DLL:      TARMSTM.DLL V1.66.0.0
 
<h2>Project:</h2>
D:\Danza_work_code\STMSMI_Project_by_danza0225\myUSB_HID\RVMDK\Project.uvproj
Project File Date:  10/13/2017

<h2>Output:</h2>
*** Using Compiler 'V5.06 update 4 (build 422)', folder: 'D:\Keil_v5\ARM\ARMCC\Bin'
Rebuild target 'Project'
Clean started - Project: 'Project'
   deleting intermediate output files for target 'Project'
assembling startup_stm32f10x_hd.s...
compiling system_stm32f10x.c...
compiling core_cm3.c...
compiling misc.c...
compiling stm32f10x_adc.c...
compiling stm32f10x_bkp.c...
compiling stm32f10x_can.c...
compiling stm32f10x_cec.c...
compiling stm32f10x_crc.c...
compiling stm32f10x_dac.c...
compiling stm32f10x_dbgmcu.c...
compiling stm32f10x_dma.c...
compiling stm32f10x_exti.c...
compiling stm32f10x_flash.c...
compiling stm32f10x_fsmc.c...
compiling stm32f10x_gpio.c...
compiling stm32f10x_i2c.c...
compiling stm32f10x_iwdg.c...
compiling stm32f10x_pwr.c...
compiling stm32f10x_rcc.c...
compiling stm32f10x_rtc.c...
compiling stm32f10x_sdio.c...
compiling stm32f10x_spi.c...
compiling stm32f10x_tim.c...
compiling stm32f10x_usart.c...
compiling stm32f10x_wwdg.c...
compiling otgd_fs_cal.c...
compiling otgd_fs_dev.c...
compiling otgd_fs_int.c...
compiling otgd_fs_pcd.c...
compiling usb_core.c...
compiling usb_init.c...
compiling usb_int.c...
compiling usb_mem.c...
compiling usb_regs.c...
compiling usb_sil.c...
compiling hw_config.c...
compiling usb_desc.c...
compiling usb_endp.c...
compiling usb_istr.c...
compiling usb_prop.c...
compiling usb_pwr.c...
compiling usbio.c...
compiling main.c...
compiling stm32f10x_it.c...
compiling usart.c...
linking...
Program Size: Code=12860 RO-data=644 RW-data=304 ZI-data=1120  
".\Output\Project.axf" - 0 Error(s), 0 Warning(s).

*** Performing Cross-Module-Optimization:
compiling system_stm32f10x.c...
compiling core_cm3.c...
compiling misc.c...
compiling stm32f10x_adc.c...
compiling stm32f10x_bkp.c...
compiling stm32f10x_can.c...
compiling stm32f10x_cec.c...
compiling stm32f10x_crc.c...
compiling stm32f10x_dac.c...
compiling stm32f10x_dbgmcu.c...
compiling stm32f10x_dma.c...
compiling stm32f10x_exti.c...
compiling stm32f10x_flash.c...
compiling stm32f10x_fsmc.c...
compiling stm32f10x_gpio.c...
compiling stm32f10x_i2c.c...
compiling stm32f10x_iwdg.c...
compiling stm32f10x_pwr.c...
compiling stm32f10x_rcc.c...
compiling stm32f10x_rtc.c...
compiling stm32f10x_sdio.c...
compiling stm32f10x_spi.c...
compiling stm32f10x_tim.c...
compiling stm32f10x_usart.c...
compiling stm32f10x_wwdg.c...
compiling usb_int.c...
compiling usb_regs.c...
compiling usb_sil.c...
compiling hw_config.c...
compiling usb_pwr.c...
compiling main.c...
compiling stm32f10x_it.c...
linking...
Program Size: Code=12860 RO-data=644 RW-data=304 ZI-data=1120  
FromELF: creating hex file...
".\Output\Project.axf" - 0 Error(s), 0 Warning(s).
*** Completed Cross-Module-Optimization after 2 iteration(s).
Build Time Elapsed:  00:01:19
</pre>
</body>
</html>
